// Jest Snapshot v1, https://goo.gl/fbAQLP

exports[`Icon Component renders correctly with an icon name passed 1`] = `
<div>
  <svg />
</div>
`;
